<?xml version="1.0" encoding="UTF-8"?>
<out><A3>345-PT 675-RT 897-GB</A3>
<D9>This is my list of 7 tokens</D9>
<B10>3.3 4.56</B10>
<C11>12.123 23.234 34.345</C11>
<C12>12.123 23.234 34.345 45.456 56.567 67.678</C12>
</out>