<?xml version="1.0" encoding="UTF-8"?>
<ans xmlns="http://schema089.uri/">
   <person>
      <code>gh<!--1234-->jk</code>
      <first>Penny</first>
      <surname>Whelan</surname>
   </person>
</ans>