<?xml version="1.0" encoding="UTF-8"?>
<enu:out xmlns:enu="http://schema052.uri/">
   <z>
      <enu:p/>
   </z>
   <z>
      <enu:q/>
   </z>
   <z>
      <enu:r/>
   </z>
   <z>
      <enu:p/>
      <enu:p/>
      <enu:q/>
      <enu:p/>
      <enu:r/>
      <enu:q/>
   </z>
</enu:out>