<?xml version="1.0" encoding="UTF-8"?>
<enu:out xmlns:enu="http://schema054.uri/">
   <z>
      <enu:p/>
   </z>
   <z>
      <enu:q/>
   </z>
   <z>
      <enu:r/>
   </z>
   <z>
      <carrot:strange xmlns:carrot="http://carrot.uri/"/>
   </z>
   <z>
      <enu:p/>
      <enu:p/>
      <enu:q/>
      <banana:strange xmlns:banana="http://banana.uri/"/>
      <enu:p/>
      <enu:r/>
      <enu:q/>
   </z>
</enu:out>