<?xml version="1.0" encoding="UTF-8"?>
<enu:out xmlns:enu="http://schema055.uri/">
   <z>
      <enu:p/>
      <enu:v/>
      <enu:x/>
      <enu:m/>
   </z>
   <z>
      <enu:p/>
      <enu:p/>
      <enu:q/>
      <enu:p/>
      <enu:r/>
      <enu:q/>
      <fred/>
   </z>
</enu:out>