<?xml version="1.0" encoding="UTF-8"?>
<out xmlns:z="http://schema061.uri/" xmlns:xs="http://www.w3.org/2001/XMLSchema">
   <h2>Michael H Kay</h2>
   <p>First name: Michael</p>
   <p>Father's first name: </p>
</out>