<?xml version="1.0" encoding="UTF-8"?>
<out xmlns:xslxx="http://www.w3.org/1999/XSL/Transformxx">
   <f>false</f>
   <t>true</t>
   <f>false</f>
   <f>false</f>
   <t>true</t>
   <t>true</t>
   <f>false</f>
</out>