<?xml version="1.0" encoding="UTF-8"?>
<out>
   <hatsize>
      <t>true</t>
      <t>true</t>
      <t>true</t>
      <f>false</f>
      <f>false</f>
   </hatsize>
   <bighatsize>
      <f>false</f>
      <t>true</t>
      <t>true</t>
      <f>false</f>
      <f>false</f>
   </bighatsize>
   <shoesize>
      <t>true</t>
      <t>true</t>
      <t>true</t>
      <f>false</f>
      <f>false</f>
   </shoesize>
</out>