<?xml version="1.0" encoding="UTF-8"?>
<out xmlns="http://schema068.uri/">
   <person id="p1">
      <first>Michael</first>
      <middle>H</middle>
      <last>Kay</last>
   </person>
   <person id="p2">
      <first>Penny</first>
      <surname>Whelan</surname>
   </person>
   <person id="p3">
      <last>Kay</last>
      <first>Michael</first>
      <middle>H</middle>
   </person>
   <person>
      <last>Kay</last>
      <first>Michael</first>
   </person>
</out>