<?xml version="1.0" encoding="UTF-8"?>
<out><item1><![CDATA[a & b]]></item1>
<item2>a &amp; b</item2>
<item3>a &amp; b</item3>
<item3 xmlns="http://www.mytest.example.org"><![CDATA[a & b]]></item3>
<item4>a &amp; b</item4>
<item5 xmlns="http://www.mytest.example.org"><![CDATA[a & b]]></item5>
</out>