<?xml version="1.0" encoding="UTF-8"?>
<foo place="secondary">Hello</foo>
