<?xml version="1.0" encoding="UTF-8"?><doc-secondary><out>To secondary tree</out><out>Also to secondary Tree</out></doc-secondary>