<?xml version="1.0" encoding="UTF-8"?><out>
<par1> 

hello
namespaced
true</par1>
<par2>INFtrue</par2>
<par3>3 -300 my:local PT1M39.999Strue</par3>
<par4>redtrue</par4>
<par5> 

hello
namespaced
true</par5>
<par6>hellotrue</par6>
<par7>true</par7>
<par8>true</par8>
<par9>hellotrue</par9></out>