<?xml version="1.0" encoding="UTF-8"?><out>
<temp1>one two two organizations</temp1>
<temp2>PT</temp2>
<temp3>131072 2000</temp3>
<temp4>-2 -9999999 -74146</temp4>
<temp5>-128 127</temp5>
<temp6>_ab</temp6>
</out>