<?xml version="1.0" encoding="UTF-8"?><out>
<temp1 xmlns:my="http://www.example.com/ns/attr" my:nationality="americans"/>
<temp2 xmlns:my="http://www.example.com/ns/attr" my:nationality="1.2"/></out>