<?xml version="1.0" encoding="iso-8859-1"?><doc><en>The quick brown fox</en><de norm="c" ¸ss="u&#776;ﬂ">Straﬂenu&#776;berfu&#776;hrung</de><de norm="d" ¸ss="u&#776;ss">Straﬂenu&#776;berfu&#776;hrung</de><ffi norm="kc" ffi="ffi">Affinity</ffi><ffi norm="kd" ffi="&#64259;">A&#64259;nity</ffi></doc>