<?xml version="1.0" encoding="iso-8859-1"?><doc><en>The quick brown fox</en><de norm="c" üss="üß">Straßenüberführung</de><de norm="d" üss="üss">Straßenüberführung</de><ffi norm="kc" ffi="ffi">Affinity</ffi><ffi norm="kd" ffi="ffi">Affinity</ffi></doc>