<?xml version="1.0" encoding="UTF-8"?><out>
<e1>-3.4 + -3.4 = -6.8</e1>
<e2>-3.4 + -0 = -3.4</e2>
<e3>-3.4 + -1.12 = -4.52</e3>
<e4>-3.4 + -4 = -7.4</e4>
<e5>-3.4 + -131072 = -131075.4</e5>
<e6>-3.4 + -76 = -79.4</e6>
<e7>-3.4 + 184 = 180.6</e7>
<e8>-3.4 + 3 = -0.4</e8>
<e9>-3.4 + -74 = -77.4</e9>
<e10>-3.4 + -922337 = -922340.4</e10>
<e11>-3.4 + 922337 = 922333.6</e11>
<e12>-3.4 + 57 = 53.6</e12>
<e13>-3.4 + -327 = -330.4</e13>
<e14>-3.4 + 327 = 323.6</e14>
<e15>-3.4 + 110 = 106.6</e15>
<e16>-3.4 + 110 = 106.6</e16>
<e17>-3.4 + -1.1 = -4.5</e17>
<e18>-3.4 + 0.99 = -2.41</e18>
<e19>-3.4 + -0 = -3.4</e19>
<e20>-3.4 + -999 = -1002.4</e20>
<e21>-3.4 + -8 = -11.4</e21>
<e22>-3.4 + -100 = -103.4</e22>
<e23>-3.4 + 1000 = 996.6</e23>
<e24>-3.4 + 30 = 26.6</e24>
<e25>-3.4 + -555 = -558.4</e25>
<e26>-3.4 + -12233 = -12236.4</e26>
<e27>-3.4 + 12233 = 12229.6</e27>
<e28>-3.4 + 1686 = 1682.6</e28>
<e29>-3.4 + -25000 = -25003.4</e29>
<e30>-3.4 + 2000 = 1996.6</e30>
<e31>-3.4 + 1 = -2.4</e31>
<e32>-3.4 + 110 = 106.6</e32>
<e1>-3.4 + -3.4 = -6.8</e1>
<e2>-0 + -3.4 = -3.4</e2>
<e3>-1.12 + -3.4 = -4.52</e3>
<e4>-4 + -3.4 = -7.4</e4>
<e5>-131072 + -3.4 = -131075.4</e5>
<e6>-76 + -3.4 = -79.4</e6>
<e7>184 + -3.4 = 180.6</e7>
<e8>3 + -3.4 = -0.4</e8>
<e9>-74 + -3.4 = -77.4</e9>
<e10>-922337 + -3.4 = -922340.4</e10>
<e11>922337 + -3.4 = 922333.6</e11>
<e12>57 + -3.4 = 53.6</e12>
<e13>-327 + -3.4 = -330.4</e13>
<e14>327 + -3.4 = 323.6</e14>
<e15>110 + -3.4 = 106.6</e15>
<e16>110 + -3.4 = 106.6</e16>
<e17>-1.1 + -3.4 = -4.5</e17>
<e18>0.99 + -3.4 = -2.41</e18>
<e19>-0 + -3.4 = -3.4</e19>
<e20>-999 + -3.4 = -1002.4</e20>
<e21>-8 + -3.4 = -11.4</e21>
<e22>-100 + -3.4 = -103.4</e22>
<e23>1000 + -3.4 = 996.6</e23>
<e24>30 + -3.4 = 26.6</e24>
<e25>-555 + -3.4 = -558.4</e25>
<e26>-12233 + -3.4 = -12236.4</e26>
<e27>12233 + -3.4 = 12229.6</e27>
<e28>1686 + -3.4 = 1682.6</e28>
<e29>-25000 + -3.4 = -25003.4</e29>
<e30>2000 + -3.4 = 1996.6</e30>
<e31>1 + -3.4 = -2.4</e31>
<e32>110 + -3.4 = 106.6</e32></out>