<?xml version="1.0" encoding="UTF-8"?><out>
<e1>true , 3.4201</e1>
<e2>true , 0</e2>
<e3>true , 1.1234E30</e3>
<e4>true , 3345</e4>
<e5>true , 131072</e5>
<e6>true , 7632460</e6>
<e7>true , 18446744</e7>
<e8>true , 74146</e8>
<e9>true , 9223372036854775807</e9>
<e10>true , 573231403</e10>
<e11>true , 32768</e11>
<e12>true , true , 1.1</e12>
<e13>true , true , 0.99</e13>
<e14>true , true , 0</e14>
<e15>true , true , 999</e15>
<e16>true , true , 10484</e16>
<e17>true , true , 100</e17>
<e18>true , true , 1000</e18>
<e19>true , true , 555</e19>
<e20>true , true , 92233720368547758</e20>
<e21>true , true , 1686</e21>
<e22>true , true , 25000</e22>
</out>