<?xml version="1.0" encoding="UTF-8"?><out><b>primary stylesheet</b><a> next match </a></out>