<?xml version="1.0" encoding="UTF-8"?>
<out>
<E1>Non-matching-Item: b
Position: 1
Size: 6
**
Matching-Item: a
Position: 2
Size: 6
**
Non-matching-Item: n
Position: 3
Size: 6
**
Matching-Item: a
Position: 4
Size: 6
**
Non-matching-Item: n
Position: 5
Size: 6
**
Matching-Item: a
Position: 6
Size: 6
**
</E1></out>