<?xml version="1.0" encoding="UTF-8"?><out><line>Adduce the equine quadruped</line><line>to element aquatic:</line><line/><line>ingurgitation, it is said,</line><line>must still be automatic.</line></out>