<?xml version="1.0" encoding="UTF-8"?>
<out>
   <Loan>
      <LoanStatus LoanStatusType="Origination" UnpaidPrincipalBalanceAmount="400000.0"/>
      <LoanStatus LoanStatusType="CurrentAsOfDate" UnpaidPrincipalBalanceAmount="350000.0"/>
   </Loan>
   <Loan>
      <LoanStatus LoanStatusType="Origination" UnpaidPrincipalBalanceAmount="400000.0"/>
      <LoanStatus LoanStatusType="CurrentAsOfDate" UnpaidPrincipalBalanceAmount="350000.0"/>
   </Loan>
   <Loan>
      <LoanStatus LoanStatusType="Origination" UnpaidPrincipalBalanceAmount="600000.0"/>
      <LoanStatus LoanStatusType="CurrentAsOfDate" UnpaidPrincipalBalanceAmount="500000.0"/>
   </Loan>
   <Loan>
      <LoanStatus LoanStatusType="Origination" UnpaidPrincipalBalanceAmount="800000.0"/>
      <LoanStatus LoanStatusType="CurrentAsOfDate" UnpaidPrincipalBalanceAmount="750000.0"/>
   </Loan>
   <Loan>
      <LoanStatus LoanStatusType="Origination" UnpaidPrincipalBalanceAmount="200000.0"/>
      <LoanStatus LoanStatusType="CurrentAsOfDate" UnpaidPrincipalBalanceAmount="175000.0"/>
   </Loan>
</out>