<?xml version="1.0" encoding="UTF-8"?>
<out>
   <chap>
      <loan>Origination CurrentAsOfDate</loan>
      <loan>Origination CurrentAsOfDate</loan>
      <loan>Origination CurrentAsOfDate</loan>
      <loan>Origination CurrentAsOfDate</loan>
      <loan>Origination CurrentAsOfDate</loan>
   </chap>
</out>