<?xml version="1.0" encoding="UTF-8"?>
<out xmlns:g="http://www.w3.org/xsl-tests/grouped-transactions">
   <account xmlns="http://www.w3.org/xsl-tests/grouped-transactions" nr="76543210">
      <account-number>01234567</account-number>
      <g:transaction number="1" date="2006-02-13"/>
      <g:transaction number="1" date="2006-02-15"/>
      <g:transaction number="1" date="2006-02-16"/>
      <g:transaction number="1" date="2006-02-17"/>
      <g:transaction number="1" date="2006-02-20"/>
      <g:transaction number="1" date="2006-02-21"/>
      <g:transaction number="1" date="2006-02-22"/>
      <g:transaction number="1" date="2006-02-23"/>
      <g:transaction number="1" date="2006-02-24"/>
      <g:transaction number="1" date="2006-02-25"/>
      <g:transaction number="1" date="2006-02-26"/>
   </account>
</out>
