<?xml version="1.0" encoding="UTF-8"?>
<out>
   <loans>
      <loan value="400000" cumulativeValue="400000"/>
      <loan value="350000" cumulativeValue="750000"/>
      <loan value="400000" cumulativeValue="1150000"/>
      <loan value="350000" cumulativeValue="1500000"/>
      <loan value="600000" cumulativeValue="2100000"/>
      <loan value="500000" cumulativeValue="2600000"/>
      <loan value="800000" cumulativeValue="3400000"/>
      <loan value="750000" cumulativeValue="4150000"/>
      <loan value="200000" cumulativeValue="4350000"/>
      <loan value="175000" cumulativeValue="4525000"/>
   </loans>
</out>