<?xml version="1.0" encoding="UTF-8"?>
<out>
   <tstmt>
      <bookcoll>
         <book>
            <nodes>1</nodes>
            <copy>
               <t>1 4097 Chapter 1 2 3105 Chapter 2 3 3422 Chapter 3 4 3220 Chapter 4 5 2760 Chapter 5 6 2939 Chapter 6 7 3012 Chapter 7 8 3011 Chapter 8 9 3361 Chapter 9 10 2780 Chapter 10 11 3236 Chapter 11 12 2740 Chapter 12 13 2332 Chapter 13 14 3248 Chapter 14 15 2433 Chapter 15 16 2137 Chapter 16 17 3558 Chapter 17 18 4419 Chapter 18 19 5603 Chapter 19 20 2611 Chapter 20 21 3973 Chapter 21 22 3219 Chapter 22 23 2748 Chapter 23 24 9189 Chapter 24 25 3802 Chapter 25 26 4622 Chapter 26 27 6290 Chapter 27 28 3119 Chapter 28 29 4271 Chapter 29 30 5342 Chapter 30 31 7359 Chapter 31 32 4106 Chapter 32 33 2638 Chapter 33 34 4096 Chapter 34 35 3449 Chapter 35 36 4560 Chapter 36 37 4859 Chapter 37 38 4134 Chapter 38 39 3280 Chapter 39 40 3039 Chapter 40 41 7236 Chapter 41 42 4963 Chapter 42 43 4805 Chapter 43 44 4336 Chapter 44 45 3744 Chapter 45 46 4067 Chapter 46 47 5003 Chapter 47 48 3338 Chapter 48 49 4046 Chapter 49 50 3642 Chapter 50</t>
            </copy>
            <node1 length="931"/>
            <node2 length="0"/>
            <node3 length="0"/>
            <node4 length="0"/>
            <node5 length="0"/>
            <node6 length="0"/>
            <node7 length="0"/>
         </book>
         <book>
            <nodes>1</nodes>
         </book>
         <book>
            <nodes>1</nodes>
         </book>
         <book>
            <nodes>1</nodes>
         </book>
         <book>
            <nodes>1</nodes>
         </book>
         <book>
            <nodes>1</nodes>
         </book>
         <book>
            <nodes>1</nodes>
         </book>
         <book>
            <nodes>1</nodes>
         </book>
         <book>
            <nodes>1</nodes>
         </book>
         <book>
            <nodes>1</nodes>
         </book>
         <book>
            <nodes>1</nodes>
         </book>
         <book>
            <nodes>1</nodes>
         </book>
         <book>
            <nodes>1</nodes>
         </book>
         <book>
            <nodes>1</nodes>
         </book>
         <book>
            <nodes>1</nodes>
         </book>
         <book>
            <nodes>1</nodes>
         </book>
         <book>
            <nodes>1</nodes>
         </book>
         <book>
            <nodes>1</nodes>
         </book>
         <book>
            <nodes>1</nodes>
         </book>
         <book>
            <nodes>1</nodes>
         </book>
         <book>
            <nodes>1</nodes>
         </book>
         <book>
            <nodes>1</nodes>
         </book>
         <book>
            <nodes>1</nodes>
         </book>
         <book>
            <nodes>1</nodes>
         </book>
         <book>
            <nodes>1</nodes>
         </book>
         <book>
            <nodes>1</nodes>
         </book>
         <book>
            <nodes>1</nodes>
         </book>
         <book>
            <nodes>1</nodes>
         </book>
         <book>
            <nodes>1</nodes>
         </book>
         <book>
            <nodes>1</nodes>
         </book>
         <book>
            <nodes>1</nodes>
         </book>
         <book>
            <nodes>1</nodes>
         </book>
         <book>
            <nodes>1</nodes>
         </book>
         <book>
            <nodes>1</nodes>
         </book>
         <book>
            <nodes>1</nodes>
         </book>
         <book>
            <nodes>1</nodes>
         </book>
         <book>
            <nodes>1</nodes>
         </book>
         <book>
            <nodes>1</nodes>
         </book>
         <book>
            <nodes>1</nodes>
         </book>
      </bookcoll>
   </tstmt>
</out>