<?xml version="1.0" encoding="UTF-8"?><out><myroot>
<ACERequest version="2.1">
  <Deal>
    <Pool><PoolIdentifier>22</PoolIdentifier><Loan href="strmode021loan2.xml"/><Loan href="strmode021loan3.xml"/><Loan href="strmode021loan4.xml"/><Loan href="strmode021loan5.xml"/><Loan href="strmode021loan6.xml"/></Pool>
    <DealIdentifier>1</DealIdentifier>
    <ACERequestType>Quarterly_ARIMA_WRSI_Model</ACERequestType>
  </Deal>
</ACERequest>
</myroot></out>