<?xml version="1.0" encoding="UTF-8"?>
<out>
   <IsCalifornia>## VA ##</IsCalifornia>
   <IsCalifornia>## TX ##</IsCalifornia>
   <IsCalifornia>## MD ##</IsCalifornia>
   <IsCalifornia>## CA ##</IsCalifornia>
   <IsCalifornia>## AZ ##</IsCalifornia>
</out>