<?xml version="1.0" encoding="UTF-8"?>
<out>
   <Unrecognized/>
   <Unrecognized/>
   <Unrecognized/>
   <German>
      <Address>
         <PostalCode>31926</PostalCode>
         <State>CA</State>
      </Address>
   </German>
   <English>
      <Address>
         <PostalCode>28165</PostalCode>
         <State>AZ</State>
      </Address>
   </English>
</out>