<?xml version="1.0" encoding="UTF-8"?>
<out>
   <myroot>
      <ACERequest version="2.1">
         <Deal>
            <Pool>
               <PoolIdentifier>22</PoolIdentifier>
               <empty>true</empty>
               <empty>true</empty>
               <empty>true</empty>
               <empty>true</empty>
               <empty>true</empty>
            </Pool>
            <DealIdentifier>1</DealIdentifier>
            <ACERequestType>Quarterly_ARIMA_WRSI_Model</ACERequestType>
         </Deal>
      </ACERequest>
   </myroot>
</out>