<?xml version="1.0" encoding="UTF-8"?>
<out>
   <prio5 p="57" q="23">
      <prio4 p="58" q="23" r="42">Genesis</prio4>
   </prio5>
   <prio5 p="57" q="23">
      <prio4 p="58" q="23" r="42">Exodus</prio4>
   </prio5>
   <prio5 p="57" q="23">
      <prio4 p="58" q="23" r="42">Leviticus</prio4>
   </prio5>
   <prio5 p="57" q="23">
      <prio4 p="58" q="23" r="42">Numbers</prio4>
   </prio5>
   <prio5 p="57" q="23">
      <prio4 p="58" q="23" r="42">Deuteronomy</prio4>
   </prio5>
   <prio5 p="57" q="23">
      <prio4 p="58" q="23" r="42">Joshua</prio4>
   </prio5>
   <prio5 p="57" q="23">
      <prio4 p="58" q="23" r="42">Judges</prio4>
   </prio5>
   <prio5 p="57" q="23">
      <prio4 p="58" q="23" r="42">Ruth</prio4>
   </prio5>
   <prio5 p="57" q="23">
      <prio4 p="58" q="23" r="42">1 Samuel</prio4>
   </prio5>
   <prio5 p="57" q="23">
      <prio4 p="58" q="23" r="42">2 Samuel</prio4>
   </prio5>
   <prio5 p="57" q="23">
      <prio4 p="58" q="23" r="42">1 Kings</prio4>
   </prio5>
   <prio5 p="57" q="23">
      <prio4 p="58" q="23" r="42">2 Kings</prio4>
   </prio5>
   <prio5 p="57" q="23">
      <prio4 p="58" q="23" r="42">1 Chronicles</prio4>
   </prio5>
   <prio5 p="57" q="23">
      <prio4 p="58" q="23" r="42">2 Chronicles</prio4>
   </prio5>
   <prio5 p="57" q="23">
      <prio4 p="58" q="23" r="42">Ezra</prio4>
   </prio5>
   <prio5 p="57" q="23">
      <prio4 p="58" q="23" r="42">Nehemiah</prio4>
   </prio5>
   <prio5 p="57" q="23">
      <prio4 p="58" q="23" r="42">Esther</prio4>
   </prio5>
   <prio5 p="57" q="23">
      <prio4 p="58" q="23" r="42">Job</prio4>
   </prio5>
   <prio5 p="57" q="23">
      <prio4 p="58" q="23" r="42">Psalms</prio4>
   </prio5>
   <prio5 p="57" q="23">
      <prio4 p="58" q="23" r="42">Proverbs</prio4>
   </prio5>
   <prio5 p="57" q="23">
      <prio4 p="58" q="23" r="42">Ecclesiastes</prio4>
   </prio5>
   <prio5 p="57" q="23">
      <prio4 p="58" q="23" r="42">Song of Solomon</prio4>
   </prio5>
   <prio5 p="57" q="23">
      <prio4 p="58" q="23" r="42">Isaiah</prio4>
   </prio5>
   <prio5 p="57" q="23">
      <prio4 p="58" q="23" r="42">Jeremiah</prio4>
   </prio5>
   <prio5 p="57" q="23">
      <prio4 p="58" q="23" r="42">Lamentations</prio4>
   </prio5>
   <prio5 p="57" q="23">
      <prio4 p="58" q="23" r="42">Ezekiel</prio4>
   </prio5>
   <prio5 p="57" q="23">
      <prio4 p="58" q="23" r="42">Daniel</prio4>
   </prio5>
   <prio5 p="57" q="23">
      <prio4 p="58" q="23" r="42">Hosea</prio4>
   </prio5>
   <prio5 p="57" q="23">
      <prio4 p="58" q="23" r="42">Joel</prio4>
   </prio5>
   <prio5 p="57" q="23">
      <prio4 p="58" q="23" r="42">Amos</prio4>
   </prio5>
   <prio5 p="57" q="23">
      <prio4 p="58" q="23" r="42">Obadiah</prio4>
   </prio5>
   <prio5 p="57" q="23">
      <prio4 p="58" q="23" r="42">Jonah</prio4>
   </prio5>
   <prio5 p="57" q="23">
      <prio4 p="58" q="23" r="42">Micah</prio4>
   </prio5>
   <prio5 p="57" q="23">
      <prio4 p="58" q="23" r="42">Nahum</prio4>
   </prio5>
   <prio5 p="57" q="23">
      <prio4 p="58" q="23" r="42">Habakkuk</prio4>
   </prio5>
   <prio5 p="57" q="23">
      <prio4 p="58" q="23" r="42">Zephaniah</prio4>
   </prio5>
   <prio5 p="57" q="23">
      <prio4 p="58" q="23" r="42">Haggai</prio4>
   </prio5>
   <prio5 p="57" q="23">
      <prio4 p="58" q="23" r="42">Zechariah</prio4>
   </prio5>
   <prio5 p="57" q="23">
      <prio4 p="58" q="23" r="42">Malachi</prio4>
   </prio5>
</out>