<?xml version="1.0" encoding="UTF-8"?>
<out>
   <extra xmlns:your="http://your.com/ns">
      <attribute xmlns:my="http://my.com/ns" name="my:value" select="22"/>
      <comment><!--comment--></comment>
      <text>242</text>
      <pi><?PI?></pi>
   </extra>
</out>