<?xml version="1.0" encoding="UTF-8"?>
<out>
   <Loan prefix="#">
      <your:extra xmlns:your="http://your.com/ns" xmlns:my="http://my.com/ns"
                  xmlns:hers="http://hers.com/ns"
                  my:value="22"><!--comment-->242<?PI?></your:extra>
   </Loan>
   <Loan prefix="#"/>
   <Loan prefix="#"/>
   <Loan prefix="#"/>
   <Loan prefix="#"/>
</out>