<?xml version="1.0" encoding="UTF-8"?>
<Result>
   <out>http://saxon.sf.net/?1</out>
   <out>http://www.w3.org/?2</out>
   <out>http://saxon.sf.net/?3</out>
   <out>http://www.w3.org/?4</out>
   <out>http://saxon.sf.net/?0</out>
   <out>http://www.w3.org/?1</out>
   <out>http://saxon.sf.net/#2</out>
   <out>http://www.w3.org/?3</out>
   <out>http://saxon.sf.net/?4</out>
   <out>http://www.w3.org/?0</out>
   <out>http://saxon.sf.net/?1</out>
   <out>http://www.w3.org/?2</out>
   <out>http://saxon.sf.net/?3</out>
   <out>http://www.w3.org/#4</out>
   <out>http://saxon.sf.net/?0</out>
   <out>http://www.w3.org/?1</out>
   <out>http://saxon.sf.net/?2</out>
   <out>http://www.w3.org/?3</out>
   <out>http://saxon.sf.net/?4</out>
   <out>http://www.w3.org/?0</out>
   <out>http://saxon.sf.net/#1</out>
   <out>http://www.w3.org/?2</out>
   <out>http://saxon.sf.net/?3</out>
   <out>http://www.w3.org/?4</out>
   <out>http://saxon.sf.net/?0</out>
   <out>http://www.w3.org/?1</out>
   <out>http://saxon.sf.net/?2</out>
   <out>http://www.w3.org/#3</out>
   <out>http://saxon.sf.net/?4</out>
   <out>http://www.w3.org/?0</out>
   <out>http://saxon.sf.net/?1</out>
   <out>http://www.w3.org/?2</out>
   <out>http://saxon.sf.net/?3</out>
   <out>http://www.w3.org/?4</out>
   <out>http://saxon.sf.net/#0</out>
   <out>http://www.w3.org/?1</out>
   <out>http://saxon.sf.net/?2</out>
   <out>http://www.w3.org/?3</out>
   <out>http://saxon.sf.net/?4</out>
   <out>http://www.w3.org/?0</out>
   <out>http://saxon.sf.net/?1</out>
   <out>http://www.w3.org/#2</out>
   <out>http://saxon.sf.net/?3</out>
   <out>http://www.w3.org/?4</out>
   <out>http://saxon.sf.net/?0</out>
   <out>http://www.w3.org/?1</out>
   <out>http://saxon.sf.net/?2</out>
   <out>http://www.w3.org/?3</out>
   <out>http://saxon.sf.net/#4</out>
   <out>http://www.w3.org/?0</out>
   <out>http://saxon.sf.net/?1</out>
   <out>http://www.w3.org/?2</out>
   <out>http://saxon.sf.net/?3</out>
   <out>http://www.w3.org/?4</out>
   <out>http://saxon.sf.net/?0</out>
   <out>http://www.w3.org/#1</out>
   <out>http://saxon.sf.net/?2</out>
   <out>http://www.w3.org/?3</out>
   <out>http://saxon.sf.net/?4</out>
   <out>http://www.w3.org/?0</out>
   <out>http://saxon.sf.net/?1</out>
   <out>http://www.w3.org/?2</out>
   <out>http://saxon.sf.net/#3</out>
   <out>http://www.w3.org/?4</out>
   <out>http://saxon.sf.net/?0</out>
   <out>http://www.w3.org/?1</out>
   <out>http://saxon.sf.net/?2</out>
   <out>http://www.w3.org/?3</out>
   <out>http://saxon.sf.net/?4</out>
   <out>http://www.w3.org/#0</out>
   <out>http://saxon.sf.net/?1</out>
   <out>http://www.w3.org/?2</out>
   <out>http://saxon.sf.net/?3</out>
   <out>http://www.w3.org/?4</out>
   <out>http://saxon.sf.net/?0</out>
   <out>http://www.w3.org/?1</out>
   <out>http://saxon.sf.net/#2</out>
   <out>http://www.w3.org/?3</out>
   <out>http://saxon.sf.net/?4</out>
   <out>http://www.w3.org/?0</out>
   <out>http://saxon.sf.net/?1</out>
   <out>http://www.w3.org/?2</out>
   <out>http://saxon.sf.net/?3</out>
   <out>http://www.w3.org/#4</out>
   <out>http://saxon.sf.net/?0</out>
   <out>http://www.w3.org/?1</out>
   <out>http://saxon.sf.net/?2</out>
   <out>http://www.w3.org/?3</out>
   <out>http://saxon.sf.net/?4</out>
   <out>http://www.w3.org/?0</out>
   <out>http://saxon.sf.net/#1</out>
   <out>http://www.w3.org/?2</out>
   <out>http://saxon.sf.net/?3</out>
   <out>http://www.w3.org/?4</out>
   <out>http://saxon.sf.net/?0</out>
   <out>http://www.w3.org/?1</out>
   <out>http://saxon.sf.net/?2</out>
   <out>http://www.w3.org/#3</out>
   <out>http://saxon.sf.net/?4</out>
</Result>