<?xml version="1.0" encoding="UTF-8"?>
<out xmlns:xs="http://www.w3.org/2001/XMLSchema">
   <item cost="0">
      <TITLE>Pride and Prejudice</TITLE>
   </item>
   <item cost="4.95">
      <TITLE>Wuthering Heights</TITLE>
   </item>
   <item cost="11.53">
      <TITLE>Tess of the d'Urbervilles</TITLE>
   </item>
</out>