<?xml version="1.0" encoding="UTF-8"?>
<figures>
   <pix>
      <p>Figure 1 start</p>
      <p>Figure 1.5 end</p>
   </pix>
   <pix>
      <p>Figure 2.5 start</p>
      <p>Figure 3 end</p>
   </pix>
   <pix>
      <p>Figure 1 start</p>
      <p>Figure 1.5 end</p>
   </pix>
   <pix>
      <p>Figure 2.5 start</p>
      <p>Figure 3 end</p>
   </pix>
</figures>
