<?xml version="1.0" encoding="UTF-8"?>
<doc>
  <span>1</span>
    <span> Intro</span>
    <p>In the beginning</p>
    <span>1.1</span>
      <span> Terminology</span>
      <p>Aaron</p>
      <p>Isaac</p>
      <p>Jehovah</p>
      <span>1.1.1</span>
        <span> Place-names</span>
        <p>Israel</p>
        <p>Judea</p>
      
    
    <span>1.2</span>
      <span> Preamble</span>
      <p>Translated from the Aramaic</p>
      <span>1.2.1</span>
        <span> Translators</span>
        <p>King James</p>
      
    
    <span>1.3</span>
      <span> Bibliography</span>
      <p>Genesis</p>
      <p>Exodus</p>
      <p>Job</p>
      <p>Leviticus</p>
    
  
</doc>
