<?xml version="1.0" encoding="UTF-8"?>
<doc nr="1">
  <a nr="1">
      <a nr="1"/>
  </a>
  <a nr="2">
      <b nr="1"/>
  </a>
  <a nr="3">
      <a nr="1"/>
  </a>
  <a nr="2">
      <b nr="1"/>
      <b nr="2"/>
  </a>  
</doc>