<?xml version="1.0" encoding="UTF-8"?><out xmlns:fo="http://www.w3.org/XSL/Format/1.0">
  
    <fo:block>(1) [1] aaa</fo:block>
    <fo:block>(2) [2] bbb</fo:block>
    <fo:block>(3) [3] ccc</fo:block>
  
  
    <fo:block>(1) [4] ddd</fo:block>
    <fo:block>(2) [5] eee</fo:block>
    <fo:block>(3) [6] fff</fo:block>
  
</out>