<?xml version="1.0" encoding="UTF-8"?>
<out>
<primary>
<E1>truefalse</E1>
<E2>truefalse</E2>
<E3>truefalse</E3>
<E4>truefalse</E4>
<E5>truefalse</E5>
<E6>truefalse</E6>
<E7>truefalse</E7>
<E8>truefalse</E8>
<E9>truefalse</E9>
<E10>truefalse</E10>
<E11>truefalse</E11>
<E12>truefalse</E12>
<E13>truefalse</E13>
<E14>truefalse</E14>
<E15>truefalse</E15>
<E16>truefalse</E16>
<E17>truefalse</E17>
<E19>truefalse</E19>
<E20>truefalse</E20>
<E21>truefalse</E21>
<E22>truefalse</E22>
<E23>truefalse</E23>
</primary>
<imported>
<I1>truefalse</I1>
<I2>truefalse</I2>
<I3>truefalse</I3>
<I4>truefalse</I4>
<I5>truefalse</I5>
<I6>truefalse</I6>
<I7>truefalse</I7>
<I8>truefalse</I8>
<I9>truefalse</I9>
<I10>truefalse</I10>
<I11>truefalse</I11>
<I12>truefalse</I12>
<I13>truefalse</I13>
<I14>truefalse</I14>
<I15>truefalse</I15>
<I16>truefalse</I16>
<I17>truefalse</I17>
<I19>truefalse</I19>
<I20>truefalse</I20>
<I21>truefalse</I21>
<I22>truefalse</I22>
<I23>truefalse</I23>
</imported></out>