<?xml version="1.0" encoding="UTF-8"?>
<docnmsp>
   <namespace>
      <prefix>xml</prefix>
      <uri>http://www.w3.org/XML/1998/namespace</uri>
      <name>xml</name>
   </namespace>
</docnmsp>