<?xml version="1.0" encoding="UTF-8"?><out><a1 xmlns:a="http://a.uri/" xmlns:c="http://c.uri/" xmlns:b="http://b.uri/"/>;
<a2 xmlns:a="http://a.uri/"/>;
<a3 xmlns:a="http://a.uri/" xmlns:c="http://c.uri/" xmlns:b="http://b.uri/"/>;
</out>