<?xml version="1.0" encoding="UTF-8"?>
   
     
       
         <s:attribute xmlns:d7p1="http://schemas.xmlsoap.org/wsdl/" xmlns:s="http://www.w3.org/2001/XMLSchema" xmlns:soapenc="http://schemas.xmlsoap.org/soap/encoding/" d7p1:arrayType="xxx" ref="xxx"/>
       
     
   
